------------------------------------------------------------
TimeQuest Timing Analyzer Summary
------------------------------------------------------------

Type  : Slow 1200mV 85C Model Setup 'amm_master_inst|pcie_ip|pcie_internal_hip|cyclone_iii.cycloneiv_hssi_pcie_hip|coreclkout'
Slack : -1.052
TNS   : -56.045

Type  : Slow 1200mV 85C Model Setup 'clock_50_1'
Slack : 6.214
TNS   : 0.000

Type  : Slow 1200mV 85C Model Setup 'amm_master_inst|altpll_qsys|sd1|pll7|clk[1]'
Slack : 9.356
TNS   : 0.000

Type  : Slow 1200mV 85C Model Setup 'n/a'
Slack : 14.159
TNS   : 0.000

Type  : Slow 1200mV 85C Model Setup 'amm_master_inst|altpll_qsys|sd1|pll7|clk[2]'
Slack : 34.114
TNS   : 0.000

Type  : Slow 1200mV 85C Model Hold 'amm_master_inst|pcie_ip|pcie_internal_hip|cyclone_iii.cycloneiv_hssi_pcie_hip|coreclkout'
Slack : 0.109
TNS   : 0.000

Type  : Slow 1200mV 85C Model Hold 'amm_master_inst|altpll_qsys|sd1|pll7|clk[1]'
Slack : 0.238
TNS   : 0.000

Type  : Slow 1200mV 85C Model Hold 'clock_50_1'
Slack : 0.373
TNS   : 0.000

Type  : Slow 1200mV 85C Model Hold 'amm_master_inst|altpll_qsys|sd1|pll7|clk[2]'
Slack : 0.392
TNS   : 0.000

Type  : Slow 1200mV 85C Model Hold 'n/a'
Slack : 5.300
TNS   : 0.000

Type  : Slow 1200mV 85C Model Recovery 'amm_master_inst|pcie_ip|pcie_internal_hip|cyclone_iii.cycloneiv_hssi_pcie_hip|coreclkout'
Slack : 3.488
TNS   : 0.000

Type  : Slow 1200mV 85C Model Recovery 'clock_50_1'
Slack : 13.496
TNS   : 0.000

Type  : Slow 1200mV 85C Model Recovery 'amm_master_inst|altpll_qsys|sd1|pll7|clk[1]'
Slack : 15.001
TNS   : 0.000

Type  : Slow 1200mV 85C Model Removal 'amm_master_inst|altpll_qsys|sd1|pll7|clk[1]'
Slack : 1.044
TNS   : 0.000

Type  : Slow 1200mV 85C Model Removal 'amm_master_inst|pcie_ip|pcie_internal_hip|cyclone_iii.cycloneiv_hssi_pcie_hip|coreclkout'
Slack : 1.053
TNS   : 0.000

Type  : Slow 1200mV 85C Model Removal 'clock_50_1'
Slack : 4.529
TNS   : 0.000

Type  : Slow 1200mV 85C Model Minimum Pulse Width 'amm_master_inst|pcie_ip|altgx_internal|amm_master_qsys_with_pcie_pcie_ip_altgx_internal_alt_c3gxb_6ni8_component|transmit_pcs0|hiptxclkout'
Slack : 2.000
TNS   : 0.000

Type  : Slow 1200mV 85C Model Minimum Pulse Width 'amm_master_inst|pcie_ip|altgx_internal|amm_master_qsys_with_pcie_pcie_ip_altgx_internal_alt_c3gxb_6ni8_component|transmit_pma0|clockout'
Slack : 2.000
TNS   : 0.000

Type  : Slow 1200mV 85C Model Minimum Pulse Width 'amm_master_inst|pcie_ip|pcie_internal_hip|cyclone_iii.cycloneiv_hssi_pcie_hip|coreclkout'
Slack : 3.576
TNS   : 0.000

Type  : Slow 1200mV 85C Model Minimum Pulse Width 'amm_master_inst|pcie_ip|pcie_internal_hip|cyclone_iii.cycloneiv_hssi_pcie_hip|pclkch0'
Slack : 3.977
TNS   : 0.000

Type  : Slow 1200mV 85C Model Minimum Pulse Width 'pcie_ref_clk'
Slack : 4.980
TNS   : 0.000

Type  : Slow 1200mV 85C Model Minimum Pulse Width 'amm_master_inst|altpll_qsys|sd1|pll7|clk[1]'
Slack : 9.618
TNS   : 0.000

Type  : Slow 1200mV 85C Model Minimum Pulse Width 'clock_50_1'
Slack : 9.734
TNS   : 0.000

Type  : Slow 1200mV 85C Model Minimum Pulse Width 'amm_master_inst|altpll_qsys|sd1|pll7|clk[2]'
Slack : 19.623
TNS   : 0.000

Type  : Slow 1200mV 0C Model Setup 'amm_master_inst|pcie_ip|pcie_internal_hip|cyclone_iii.cycloneiv_hssi_pcie_hip|coreclkout'
Slack : -0.304
TNS   : -1.646

Type  : Slow 1200mV 0C Model Setup 'clock_50_1'
Slack : 7.401
TNS   : 0.000

Type  : Slow 1200mV 0C Model Setup 'amm_master_inst|altpll_qsys|sd1|pll7|clk[1]'
Slack : 10.137
TNS   : 0.000

Type  : Slow 1200mV 0C Model Setup 'n/a'
Slack : 14.636
TNS   : 0.000

Type  : Slow 1200mV 0C Model Setup 'amm_master_inst|altpll_qsys|sd1|pll7|clk[2]'
Slack : 34.654
TNS   : 0.000

Type  : Slow 1200mV 0C Model Hold 'amm_master_inst|pcie_ip|pcie_internal_hip|cyclone_iii.cycloneiv_hssi_pcie_hip|coreclkout'
Slack : 0.126
TNS   : 0.000

Type  : Slow 1200mV 0C Model Hold 'amm_master_inst|altpll_qsys|sd1|pll7|clk[1]'
Slack : 0.242
TNS   : 0.000

Type  : Slow 1200mV 0C Model Hold 'clock_50_1'
Slack : 0.327
TNS   : 0.000

Type  : Slow 1200mV 0C Model Hold 'amm_master_inst|altpll_qsys|sd1|pll7|clk[2]'
Slack : 0.343
TNS   : 0.000

Type  : Slow 1200mV 0C Model Hold 'n/a'
Slack : 4.840
TNS   : 0.000

Type  : Slow 1200mV 0C Model Recovery 'amm_master_inst|pcie_ip|pcie_internal_hip|cyclone_iii.cycloneiv_hssi_pcie_hip|coreclkout'
Slack : 3.910
TNS   : 0.000

Type  : Slow 1200mV 0C Model Recovery 'clock_50_1'
Slack : 14.056
TNS   : 0.000

Type  : Slow 1200mV 0C Model Recovery 'amm_master_inst|altpll_qsys|sd1|pll7|clk[1]'
Slack : 15.440
TNS   : 0.000

Type  : Slow 1200mV 0C Model Removal 'amm_master_inst|altpll_qsys|sd1|pll7|clk[1]'
Slack : 0.951
TNS   : 0.000

Type  : Slow 1200mV 0C Model Removal 'amm_master_inst|pcie_ip|pcie_internal_hip|cyclone_iii.cycloneiv_hssi_pcie_hip|coreclkout'
Slack : 0.956
TNS   : 0.000

Type  : Slow 1200mV 0C Model Removal 'clock_50_1'
Slack : 4.035
TNS   : 0.000

Type  : Slow 1200mV 0C Model Minimum Pulse Width 'amm_master_inst|pcie_ip|altgx_internal|amm_master_qsys_with_pcie_pcie_ip_altgx_internal_alt_c3gxb_6ni8_component|transmit_pcs0|hiptxclkout'
Slack : 2.000
TNS   : 0.000

Type  : Slow 1200mV 0C Model Minimum Pulse Width 'amm_master_inst|pcie_ip|altgx_internal|amm_master_qsys_with_pcie_pcie_ip_altgx_internal_alt_c3gxb_6ni8_component|transmit_pma0|clockout'
Slack : 2.000
TNS   : 0.000

Type  : Slow 1200mV 0C Model Minimum Pulse Width 'amm_master_inst|pcie_ip|pcie_internal_hip|cyclone_iii.cycloneiv_hssi_pcie_hip|coreclkout'
Slack : 3.525
TNS   : 0.000

Type  : Slow 1200mV 0C Model Minimum Pulse Width 'amm_master_inst|pcie_ip|pcie_internal_hip|cyclone_iii.cycloneiv_hssi_pcie_hip|pclkch0'
Slack : 3.971
TNS   : 0.000

Type  : Slow 1200mV 0C Model Minimum Pulse Width 'pcie_ref_clk'
Slack : 4.975
TNS   : 0.000

Type  : Slow 1200mV 0C Model Minimum Pulse Width 'amm_master_inst|altpll_qsys|sd1|pll7|clk[1]'
Slack : 9.617
TNS   : 0.000

Type  : Slow 1200mV 0C Model Minimum Pulse Width 'clock_50_1'
Slack : 9.715
TNS   : 0.000

Type  : Slow 1200mV 0C Model Minimum Pulse Width 'amm_master_inst|altpll_qsys|sd1|pll7|clk[2]'
Slack : 19.614
TNS   : 0.000

Type  : Fast 1200mV 0C Model Setup 'amm_master_inst|pcie_ip|pcie_internal_hip|cyclone_iii.cycloneiv_hssi_pcie_hip|coreclkout'
Slack : 3.532
TNS   : 0.000

Type  : Fast 1200mV 0C Model Setup 'clock_50_1'
Slack : 13.109
TNS   : 0.000

Type  : Fast 1200mV 0C Model Setup 'amm_master_inst|altpll_qsys|sd1|pll7|clk[1]'
Slack : 14.416
TNS   : 0.000

Type  : Fast 1200mV 0C Model Setup 'n/a'
Slack : 17.001
TNS   : 0.000

Type  : Fast 1200mV 0C Model Setup 'amm_master_inst|altpll_qsys|sd1|pll7|clk[2]'
Slack : 37.367
TNS   : 0.000

Type  : Fast 1200mV 0C Model Hold 'amm_master_inst|pcie_ip|pcie_internal_hip|cyclone_iii.cycloneiv_hssi_pcie_hip|coreclkout'
Slack : 0.028
TNS   : 0.000

Type  : Fast 1200mV 0C Model Hold 'amm_master_inst|altpll_qsys|sd1|pll7|clk[1]'
Slack : 0.079
TNS   : 0.000

Type  : Fast 1200mV 0C Model Hold 'clock_50_1'
Slack : 0.167
TNS   : 0.000

Type  : Fast 1200mV 0C Model Hold 'amm_master_inst|altpll_qsys|sd1|pll7|clk[2]'
Slack : 0.172
TNS   : 0.000

Type  : Fast 1200mV 0C Model Hold 'n/a'
Slack : 2.672
TNS   : 0.000

Type  : Fast 1200mV 0C Model Recovery 'amm_master_inst|pcie_ip|pcie_internal_hip|cyclone_iii.cycloneiv_hssi_pcie_hip|coreclkout'
Slack : 5.649
TNS   : 0.000

Type  : Fast 1200mV 0C Model Recovery 'clock_50_1'
Slack : 16.429
TNS   : 0.000

Type  : Fast 1200mV 0C Model Recovery 'amm_master_inst|altpll_qsys|sd1|pll7|clk[1]'
Slack : 17.354
TNS   : 0.000

Type  : Fast 1200mV 0C Model Removal 'amm_master_inst|altpll_qsys|sd1|pll7|clk[1]'
Slack : 0.495
TNS   : 0.000

Type  : Fast 1200mV 0C Model Removal 'amm_master_inst|pcie_ip|pcie_internal_hip|cyclone_iii.cycloneiv_hssi_pcie_hip|coreclkout'
Slack : 0.501
TNS   : 0.000

Type  : Fast 1200mV 0C Model Removal 'clock_50_1'
Slack : 2.387
TNS   : 0.000

Type  : Fast 1200mV 0C Model Minimum Pulse Width 'amm_master_inst|pcie_ip|altgx_internal|amm_master_qsys_with_pcie_pcie_ip_altgx_internal_alt_c3gxb_6ni8_component|transmit_pcs0|hiptxclkout'
Slack : 2.000
TNS   : 0.000

Type  : Fast 1200mV 0C Model Minimum Pulse Width 'amm_master_inst|pcie_ip|altgx_internal|amm_master_qsys_with_pcie_pcie_ip_altgx_internal_alt_c3gxb_6ni8_component|transmit_pma0|clockout'
Slack : 2.000
TNS   : 0.000

Type  : Fast 1200mV 0C Model Minimum Pulse Width 'amm_master_inst|pcie_ip|pcie_internal_hip|cyclone_iii.cycloneiv_hssi_pcie_hip|coreclkout'
Slack : 3.685
TNS   : 0.000

Type  : Fast 1200mV 0C Model Minimum Pulse Width 'amm_master_inst|pcie_ip|pcie_internal_hip|cyclone_iii.cycloneiv_hssi_pcie_hip|pclkch0'
Slack : 3.994
TNS   : 0.000

Type  : Fast 1200mV 0C Model Minimum Pulse Width 'pcie_ref_clk'
Slack : 4.989
TNS   : 0.000

Type  : Fast 1200mV 0C Model Minimum Pulse Width 'clock_50_1'
Slack : 9.454
TNS   : 0.000

Type  : Fast 1200mV 0C Model Minimum Pulse Width 'amm_master_inst|altpll_qsys|sd1|pll7|clk[1]'
Slack : 9.728
TNS   : 0.000

Type  : Fast 1200mV 0C Model Minimum Pulse Width 'amm_master_inst|altpll_qsys|sd1|pll7|clk[2]'
Slack : 19.732
TNS   : 0.000

------------------------------------------------------------
